date and time
当前日期: 2022/05/19 周四
当前时间: 23:28:54.18






 
os version
OS 版本:          10.0.19044 暂缺 Build 19044







hardware information
产品 ID:          00342-35533-34378-AAOEM
初始安装日期:     2021/3/16, 23:59:15
系统启动时间:     2022/5/15, 21:08:55
系统制造商:       Dell Inc.
系统型号:         Inspiron 5488
系统类型:         x64-based PC
处理器:           安装了 1 个处理器。
                  [01]: Intel64 Family 6 Model 142 Stepping 12 GenuineIntel ~1600 Mhz
物理内存总量:     7,999 MB
可用的物理内存:   2,355 MB
虚拟内存: 最大值: 15,998 MB
虚拟内存: 可用:   3,715 MB
虚拟内存: 使用中: 12,283 MB
网卡:             安装了 5 个 NIC。
                  [01]: Sangfor SSL VPN CS Support System VNIC
                      连接名:      以太网 2
                      状态:        媒体连接已中断
                  [02]: Netease UU TAP-Win32 Adapter V9.21
                      连接名:      以太网 3
                      状态:        媒体连接已中断
                  [03]: SVN Adapter V1.0
                      连接名:      以太网 4
                      启用 DHCP:   否
                      IP 地址
                        [01]: 172.168.2.61
                        [02]: fe80::fd26:34cb:5df0:b5ee
                  [04]: Intel(R) Wireless-AC 9462
                      连接名:      WLAN
                      启用 DHCP:   是
                      DHCP 服务器: 10.208.64.1
                      IP 地址
                        [01]: 10.208.126.243
                        [02]: fe80::bca9:7ef0:3c74:ecfe
                  [05]: Realtek PCIe FE Family Controller
                      连接名:      以太网
                      状态:        媒体连接已中断
Hyper-V 要求:     虚拟机监视器模式扩展: 是
                  固件中已启用虚拟化: 是
                  二级地址转换: 是
                  数据执行保护可用: 是







uptime
系统启动时间:     2022/5/15, 21:08:55







services information（只截取了其中一部分，如下：）
名称	描述	状态	启动类型	登录为
360bpsvc			手动	本地系统
ActiveX Installer (AxInstSV)	为从 Internet 安装 ActiveX 控件提供用户帐户控制验证，并基于组策略设置启用对 ActiveX 控件安装的管理。此服务根据要求启动，是否禁用 ActiveX 控件的安装取决于默认浏览器设置。		手动	本地系统
Adobe Acrobat Update Service	Adobe Acrobat Updater keeps your Adobe software up to date.		手动	本地系统
Adobe Genuine Monitor Service	Adobe Genuine Monitor Service		手动	本地系统
Adobe Genuine Software Integrity Service	Adobe Genuine Software Integrity Service	正在运行	自动	本地系统
Agent Activation Runtime_1e9a7c24	Runtime for activating conversational agent applications		手动	本地系统
AllJoyn Router Service	路由本地 AllJoyn 客户端的 AllJoyn 消息。如果停止此服务，则自身没有捆绑路由器的 AllJoyn 客户端将无法运行。		手动(触发器启动)	本地服务







nic information
Windows IP 配置

   主机名  . . . . . . . . . . . . . : DESKTOP-NRUD46I
   主 DNS 后缀 . . . . . . . . . . . :
   节点类型  . . . . . . . . . . . . : 混合
   IP 路由已启用 . . . . . . . . . . : 否
   WINS 代理已启用 . . . . . . . . . : 否

以太网适配器 以太网:

   媒体状态  . . . . . . . . . . . . : 媒体已断开连接
   连接特定的 DNS 后缀 . . . . . . . :
   描述. . . . . . . . . . . . . . . : Realtek PCIe FE Family Controller
   物理地址. . . . . . . . . . . . . : E4-54-E8-32-C8-D3
   DHCP 已启用 . . . . . . . . . . . : 是
   自动配置已启用. . . . . . . . . . : 是

无线局域网适配器 本地连接* 1:

   媒体状态  . . . . . . . . . . . . : 媒体已断开连接
   连接特定的 DNS 后缀 . . . . . . . :
   描述. . . . . . . . . . . . . . . : Microsoft Wi-Fi Direct Virtual Adapter
   物理地址. . . . . . . . . . . . . : 50-E0-85-AF-60-2D
   DHCP 已启用 . . . . . . . . . . . : 是
   自动配置已启用. . . . . . . . . . : 是

无线局域网适配器 本地连接* 2:

   媒体状态  . . . . . . . . . . . . : 媒体已断开连接
   连接特定的 DNS 后缀 . . . . . . . :
   描述. . . . . . . . . . . . . . . : Microsoft Wi-Fi Direct Virtual Adapter #2
   物理地址. . . . . . . . . . . . . : 52-E0-85-AF-60-2C
   DHCP 已启用 . . . . . . . . . . . : 是
   自动配置已启用. . . . . . . . . . : 是

以太网适配器 以太网 3:

   媒体状态  . . . . . . . . . . . . : 媒体已断开连接
   连接特定的 DNS 后缀 . . . . . . . :
   描述. . . . . . . . . . . . . . . : Netease UU TAP-Win32 Adapter V9.21
   物理地址. . . . . . . . . . . . . : 00-FF-EE-AD-AE-24
   DHCP 已启用 . . . . . . . . . . . : 是
   自动配置已启用. . . . . . . . . . : 是

无线局域网适配器 WLAN:

   连接特定的 DNS 后缀 . . . . . . . :
   描述. . . . . . . . . . . . . . . : Intel(R) Wireless-AC 9462
   物理地址. . . . . . . . . . . . . : 50-E0-85-AF-60-2C
   DHCP 已启用 . . . . . . . . . . . : 是
   自动配置已启用. . . . . . . . . . : 是
   本地链接 IPv6 地址. . . . . . . . : fe80::bca9:7ef0:3c74:ecfe%19(首选)
   IPv4 地址 . . . . . . . . . . . . : 10.208.126.243(首选)
   子网掩码  . . . . . . . . . . . . : 255.255.192.0
   获得租约的时间  . . . . . . . . . : 2022年5月19日 18:15:12
   租约过期的时间  . . . . . . . . . : 2022年5月20日 6:35:03
   默认网关. . . . . . . . . . . . . : 10.208.64.1
   DHCP 服务器 . . . . . . . . . . . : 10.208.64.1
   DHCPv6 IAID . . . . . . . . . . . : 139518085
   DHCPv6 客户端 DUID  . . . . . . . : 00-01-00-01-25-05-FD-44-E4-54-E8-32-C8-D3
   DNS 服务器  . . . . . . . . . . . : 10.80.128.28
                                       10.81.254.4
   TCPIP 上的 NetBIOS  . . . . . . . : 已启用

以太网适配器 以太网 2:

   媒体状态  . . . . . . . . . . . . : 媒体已断开连接
   连接特定的 DNS 后缀 . . . . . . . :
   描述. . . . . . . . . . . . . . . : Sangfor SSL VPN CS Support System VNIC
   物理地址. . . . . . . . . . . . . : 00-FF-66-81-08-8B
   DHCP 已启用 . . . . . . . . . . . : 否
   自动配置已启用. . . . . . . . . . : 是







route information
===========================================================================
接口列表
 21...e4 54 e8 32 c8 d3 ......Realtek PCIe FE Family Controller
 20...50 e0 85 af 60 2d ......Microsoft Wi-Fi Direct Virtual Adapter
  6...52 e0 85 af 60 2c ......Microsoft Wi-Fi Direct Virtual Adapter #2
 22...00 ff ee ad ae 24 ......Netease UU TAP-Win32 Adapter V9.21
 19...50 e0 85 af 60 2c ......Intel(R) Wireless-AC 9462
 11...00 ff 66 81 08 8b ......Sangfor SSL VPN CS Support System VNIC
  1...........................Software Loopback Interface 1
===========================================================================

IPv4 路由表
===========================================================================
活动路由:
网络目标        网络掩码          网关       接口   跃点数
          0.0.0.0          0.0.0.0      10.208.64.1   10.208.126.243     45
      10.208.64.0    255.255.192.0            在链路上    10.208.126.243    301
   10.208.126.243  255.255.255.255            在链路上    10.208.126.243    301
   10.208.127.255  255.255.255.255            在链路上    10.208.126.243    301
        127.0.0.0        255.0.0.0            在链路上         127.0.0.1    331
        127.0.0.1  255.255.255.255            在链路上         127.0.0.1    331
  127.255.255.255  255.255.255.255            在链路上         127.0.0.1    331
   202.119.23.198  255.255.255.255      10.208.64.1   10.208.126.243    257
        224.0.0.0        240.0.0.0            在链路上         127.0.0.1    331
        224.0.0.0        240.0.0.0            在链路上    10.208.126.243    301
  255.255.255.255  255.255.255.255            在链路上         127.0.0.1    331
  255.255.255.255  255.255.255.255            在链路上    10.208.126.243    301
===========================================================================
永久路由:
  无

IPv6 路由表
===========================================================================
活动路由:
 接口跃点数网络目标                网关
  1    331 ::1/128                  在链路上
 19    301 fe80::/64                在链路上
 19    301 fe80::bca9:7ef0:3c74:ecfe/128
                                    在链路上
  1    331 ff00::/8                 在链路上
 19    301 ff00::/8                 在链路上
===========================================================================
永久路由:
  无







arp information
接口: 10.208.126.243 --- 0x13
  Internet 地址         物理地址              类型
  10.208.64.1           00-00-5e-00-01-01     动态
  10.208.127.255        ff-ff-ff-ff-ff-ff     静态
  224.0.0.2             01-00-5e-00-00-02     静态
  224.0.0.22            01-00-5e-00-00-16     静态
  224.0.0.251           01-00-5e-00-00-fb     静态
  224.0.0.252           01-00-5e-00-00-fc     静态
  239.255.255.250       01-00-5e-7f-ff-fa     静态
  255.255.255.255       ff-ff-ff-ff-ff-ff     静态







information of processes（只截取了部分）
Process information for DESKTOP-NRUD46I:

Name                Pid Pri Thd  Hnd   Priv        CPU Time    Elapsed Time
Idle                  0   0   8    0     60   338:07:25.375    98:51:28.930
System                4   8 277 6034    252     1:10:03.046    98:51:28.930
Registry            124   8   4    0  13136     0:00:11.687    98:51:34.460
smss                616  11   2   53   1064     0:00:00.140    98:51:28.926
csrss               712  13  14  914   2252     0:00:56.296    98:51:28.122
wininit             816  13   1  169   1584     0:00:00.109    98:51:26.876
services            892   9  12  860   8504     0:01:55.218    98:51:26.843
lsass               908   9  11 2080  14928     0:01:58.687    98:51:26.830
svchost             664   8  23 1657  20772     0:03:34.437    98:51:26.754
fontdrvhost         704   8   5   36   2596     0:00:00.078    98:51:26.748
svchost            1048   8  11 1571  15160     0:17:00.906    98:51:26.703
svchost            1096   8   3  326   3040     0:00:20.968    98:51:26.689
svchost            1396   8   4  176  10036     0:00:30.468    98:51:26.395
svchost            1444   8  12  406   3260     0:00:14.171    98:51:26.384
svchost            1464   8  11  418   7080     0:00:27.093    98:51:26.381
svchost            1564   8   2  250   3300     0:00:01.125    98:51:26.368
svchost            1568   8   4  256   2744     0:00:05.046    98:51:26.368
svchost            1592   8   3  397   2372     0:00:01.937    98:51:26.368
svchost            1704   8   2  173   1724     0:00:08.015    98:51:26.357
svchost            1712   8   6  453   3664     0:01:36.171    98:51:26.357
svchost            1832   8   5  551   3032     0:00:24.390    98:51:26.347
IntelCpHDCPSvc     1840   8   3  151   1572     0:00:00.046    98:51:26.345
svchost            1864   8  11  336   2800     0:00:00.234    98:51:26.343
svchost            1916   8  13  180   2192     0:00:00.156    98:51:26.338
svchost            1960   8   9  496  18932     0:02:38.218    98:51:26.333
svchost            2008   8   5  202   2484     0:00:47.750    98:51:26.328
svchost            2140   8   1  121   1588     0:00:00.156    98:51:26.312
svchost            2196   8   5  400   5800     0:01:31.312    98:51:26.303
IntelCpHeciSvc     2248   8   3  139   1696     0:00:00.203    98:51:26.299
svchost            2436   8  12  342   5436     0:20:50.968    98:51:26.260
svchost            2516   8   6  212   3524     0:01:23.921    98:51:26.238
svchost            2532   8   5  292   9320     0:02:02.140    98:51:26.234
svchost            2696   8   9  449   4132     1:30:09.796    98:51:26.211
NVDisplay.Container  2712   8   9  349   8724     0:00:05.671    98:51:26.205
qmbsrv             2796   8   2  134   1160     0:00:00.046    98:51:26.171
QQPCRTP            2808   8 114 1268 143668     0:19:45.015    98:51:26.169
svchost            3032   8   6  242   4500     0:03:38.703    98:51:26.041
svchost            3040   8   3  255   1360     0:00:01.375    98:51:26.041
svchost            3048   8   4  182   2088     0:00:01.546    98:51:26.040
Memory Compression  2828   8  50    0   2624     0:07:31.921    98:51:26.021
svchost            2924   8   2  231   2472     0:00:03.296    98:51:26.015
igfxCUIService     3100   8   2  182   2052     0:00:00.203    98:51:25.996
svchost            3164   8   4  190   2292     0:00:01.953    98:51:25.976
svchost            3188   8   7  164   2692     0:00:25.468    98:51:25.972
WUDFHost           3424   8   7  449   8152     0:03:12.406    98:51:25.858
svchost            3440   8  17  524  15464     0:05:33.625    98:51:25.857
svchost            3560   8  12  389   4204     0:00:07.000    98:51:25.760
WmiPrvSE           3628   8  11  446  34312     0:04:25.765    98:51:25.712
svchost            3720   8   4  143   1796     0:00:05.546    98:51:25.664
svchost            3748   8  16  587   8936     0:04:17.296    98:51:25.641
WUDFHost           3772  13  10  338   8420     0:00:07.500    98:51:25.627
svchost            3864   8  14  429  16172     0:01:26.640    98:51:25.531
svchost            3912   8   4  265   2884     0:00:01.640    98:51:25.515
spoolsv            3204   8   7  474   6228     0:00:01.734    98:51:25.420
